<div name="SmartTextarea" class="smart-textarea" style="margin-top:0;margin-left:0;height:38px;"><div style="margin:0;height:38px;overflow:hidden;"><textarea name="input" class="smart-textarea-input" type="text" rows="1" style="margin-top:2px;height:30px;width:100%;font:inherit;padding:0;border:none;resize:none;overflow-y:hidden;outline:none;background-color:transparent;" disabled="">Lorem ipsum dolor sit amet, consectetur adipisicing elit. Eius sed, voluptates natus, officiis nam dicta veritatis eligendi possimus? Quae quo in aspernatur necessitatibus vero placeat aliquid non consequatur dicta, numquam? Totam animi perferendis consectetur obcaecati veritatis voluptatem atque! Beatae cumque aspernatur ea voluptatem, ad voluptatum modi eius asperiores minus necessitatibus, dolores nulla laboriosam odit omnis suscipit est mollitia. Exercitationem architecto, fuga porro. Dolorem dolore odit ducimus ea magni ab ullam quidem itaque, autem dolor et, omnis, incidunt, provident excepturi. Veniam ab, illum eius eaque sapiente iste voluptatum temporibus, consequatur unde, rerum nisi pariatur laudantium impedit reiciendis quasi, illo quibusdam inventore hic aperiam nesciunt maxime culpa neque! Ab sapiente earum, non asperiores quaerat maxime quae cumque officiis maiores amet.</textarea><textarea name="shadow" type="text" rows="1" style="visibility:hidden;height:1px;margin-top:-5px;top:-15px;position:relative;width:100%;font:inherit;padding:0;border:none;resize:none;overflow-y:hidden;outline:none;">Lorem ipsum dolor sit amet, consectetur adipisicing elit. Eius sed, voluptates natus, officiis nam dicta veritatis eligendi possimus? Quae quo in aspernatur necessitatibus vero placeat aliquid non consequatur dicta, numquam? Totam animi perferendis consectetur obcaecati veritatis voluptatem atque! Beatae cumque aspernatur ea voluptatem, ad voluptatum modi eius asperiores minus necessitatibus, dolores nulla laboriosam odit omnis suscipit est mollitia. Exercitationem architecto, fuga porro. Dolorem dolore odit ducimus ea magni ab ullam quidem itaque, autem dolor et, omnis, incidunt, provident excepturi. Veniam ab, illum eius eaque sapiente iste voluptatum temporibus, consequatur unde, rerum nisi pariatur laudantium impedit reiciendis quasi, illo quibusdam inventore hic aperiam nesciunt maxime culpa neque! Ab sapiente earum, non asperiores quaerat maxime quae cumque officiis maiores amet.</textarea></div></div>